// Jest Snapshot v1, https://goo.gl/fbAQLP

exports[`fader matches snapshot 1`] = `
<h1
  className="fade-in"
  data-testid="fader"
>
  Hello World!
</h1>
`;
