// Jest Snapshot v1, https://goo.gl/fbAQLP

exports[`text matches snapshot 1`] = `
<div
  data-testid="text"
>
  <h3>
    Hey world
  </h3>
</div>
`;
